
Memory Configuration

Name             Origin             Length             Attributes
flash            0x08000000         0x00020000         xr
sram             0x20000000         0x00005000         xrw
*default*        0x00000000         0xffffffff

Linker script and memory map


.text           0x08000000      0x190
 *(.vectors*)
 .vectors       0x08000000       0x1c startup.o
                0x08000000                vectors
 *(.text*)
 .text          0x0800001c       0xbc startup.o
                0x0800001c                H_FAULT_HANDLER
                0x0800001c                BUS_FAULT
                0x0800001c                DEFAULT_HANDLER
                0x0800001c                USAGE_FAULT_HANDLER
                0x0800001c                MM_FAULT_HANDLER
                0x0800001c                NMI_HANDLER
                0x08000028                RESET_HANDLER
 .text          0x080000d8       0xb4 main.o
                0x080000d8                main
 *(.rodata)
 .rodata        0x0800018c        0x4 main.o
                0x0800018c                s
                0x08000190                _E_TEXT = .

.glue_7         0x08000190        0x0
 .glue_7        0x00000000        0x0 linker stubs

.glue_7t        0x08000190        0x0
 .glue_7t       0x00000000        0x0 linker stubs

.vfp11_veneer   0x08000190        0x0
 .vfp11_veneer  0x00000000        0x0 linker stubs

.v4_bx          0x08000190        0x0
 .v4_bx         0x00000000        0x0 linker stubs

.iplt           0x08000190        0x0
 .iplt          0x00000000        0x0 startup.o

.rel.dyn        0x08000190        0x0
 .rel.iplt      0x00000000        0x0 startup.o

.data           0x20000000        0x4 load address 0x08000190
                0x20000000                _S_DATA = .
 *(.data*)
 .data          0x20000000        0x0 startup.o
 .data          0x20000000        0x4 main.o
                0x20000000                g
                0x20000004                . = ALIGN (0x4)
                0x20000004                _E_DATA = .

.igot.plt       0x20000004        0x0 load address 0x08000194
 .igot.plt      0x00000000        0x0 startup.o

.bss            0x20000004     0x1000 load address 0x08000194
                0x20000004                _S_BSS = .
 *(.bss*)
 .bss           0x20000004        0x0 startup.o
 .bss           0x20000004        0x0 main.o
                0x20000004                _E_BSS = .
                0x20000004                . = ALIGN (0x4)
                0x20001004                . = (. + 0x1000)
 *fill*         0x20000004     0x1000 
                0x20001004                _stack_top = .
LOAD startup.o
LOAD main.o
OUTPUT(learn-in-depth_cortex-m3.elf elf32-littlearm)

.debug_info     0x00000000      0x25c
 .debug_info    0x00000000      0x169 startup.o
 .debug_info    0x00000169       0xf3 main.o

.debug_abbrev   0x00000000      0x157
 .debug_abbrev  0x00000000       0xc4 startup.o
 .debug_abbrev  0x000000c4       0x93 main.o

.debug_loc      0x00000000       0x9c
 .debug_loc     0x00000000       0x64 startup.o
 .debug_loc     0x00000064       0x38 main.o

.debug_aranges  0x00000000       0x40
 .debug_aranges
                0x00000000       0x20 startup.o
 .debug_aranges
                0x00000020       0x20 main.o

.debug_line     0x00000000      0x14d
 .debug_line    0x00000000       0xaf startup.o
 .debug_line    0x000000af       0x9e main.o

.debug_str      0x00000000      0x114
 .debug_str     0x00000000      0x108 startup.o
                                0x13c (size before relaxing)
 .debug_str     0x00000108        0xc main.o
                                 0xc8 (size before relaxing)

.comment        0x00000000       0x11
 .comment       0x00000000       0x11 startup.o
                                 0x12 (size before relaxing)
 .comment       0x00000000       0x12 main.o

.ARM.attributes
                0x00000000       0x33
 .ARM.attributes
                0x00000000       0x33 startup.o
 .ARM.attributes
                0x00000033       0x33 main.o

.debug_frame    0x00000000       0x78
 .debug_frame   0x00000000       0x4c startup.o
 .debug_frame   0x0000004c       0x2c main.o
